// Jest Snapshot v1, https://goo.gl/fbAQLP

exports[`HomePage snapshot for HomePage 1`] = `
<div
  className="jumbotron center"
>
  <h1
    className="lead"
    style={
      Object {
        "fontFamily": "Pacifico",
      }
    }
  >
    Welcome to Media Library
  </h1>
  <div>
    <ul
      className="ul-home"
    >
      <li>
        <a
          href="/searchImages"
          onClick={[Function]}
        >
          <i
            class="fas fa-image fa-2x"
          />
          <span
            className="i-home"
          >
            Check out our HD Images
          </span>
        </a>
      </li>
      <li>
        <a
          href="/searchVideos"
          onClick={[Function]}
        >
          <i
            class="fas fa-video fa-2x"
          />
          <span
            className="i-home"
          >
            Watch Videos
          </span>
        </a>
      </li>
      <li>
        <a
          href="/about"
          onClick={[Function]}
        >
          <i
            aria-hidden="true"
            class="fa fa-info-circle fa-2x"
            className="i-home"
          />
          <span
            className="i-home"
          >
            About
          </span>
        </a>
      </li>
    </ul>
  </div>
</div>
`;
